// Jest Snapshot v1, https://goo.gl/fbAQLP

exports[`Button test suite Snapshot test 1`] = `
<button
  className="sc-bdVaJa igACHl"
  disabled={false}
>
  Facebook
</button>
`;
